// Jest Snapshot v1, https://goo.gl/fbAQLP

exports[`BraveComponent should match previous snapshots: base 1`] = `
<body>
  <div>
    <div
      class="sc-bdfBwQ"
    >
      BraveComponent
    </div>
  </div>
</body>
`;
